<html>
  <p>100文字の説明:</p>
  <ul>
    <li>15分</li>
    <li>1日</li>
    <li>1時間</li>
    <li>1か月</li>
  </ul>
  <p>Image in text JP <img src="image.jpg" alt="Alt image JP">.</p>
  <p>Something new</p>
</html>