<html>
  <p>Description de 100 caractères :</p>
  <ul>
    <li>15 min</li>
    <li>1 jour</li>
    <li>1 heure</li>
    <li>1 mois</li>
  </ul>
  <p>Image dans le text <img src="fr/image.jpg" alt="Alt image FR">.</p>
</html>